[employee-bust-826565.framer.app/index.html]
[backblue.gif]
[fade.gif]
[index.html]
[framerusercontent.com/images/YnQSAbQSGVZPWqvwejPY44zUoe0.png]
[framerusercontent.com/images/bbdjJgNw2lGNxYaPkRMAS3w3X417f5.png]
[employee-bust-826565.framer.app/cultural-events.html]
[employee-bust-826565.framer.app/Sports-events.html]
[employee-bust-826565.framer.app/dance.html]
[framerusercontent.com/images/wH804goS4byC7PGjRwAOSXmqD6E.png]
[employee-bust-826565.framer.app/music.html]
[framerusercontent.com/images/sv2AFmMhQR07NpH50eU4nJuUUA.png]
[employee-bust-826565.framer.app/dramatics.html]
[framerusercontent.com/images/756v40OPuaQMAkNxWpLZOy0aWYk.png]
[employee-bust-826565.framer.app/photography.html]
[framerusercontent.com/images/sWXIOqWj4FJRwoEeNCbJYH70og.png]
[employee-bust-826565.framer.app/indoors.html]
[framerusercontent.com/images/uAzoaHL1ZUvAb9TrkYDJPdHzzE.jpg]
[employee-bust-826565.framer.app/cricket.html]
[framerusercontent.com/images/nBg2aVnABtAQzXCrtQLutF2jqs.jpg]
[employee-bust-826565.framer.app/basketball.html]
[framerusercontent.com/images/3SJaPZxEeLBl8fj8SIpAkksixM.png]
[employee-bust-826565.framer.app/volleyball.html]
[framerusercontent.com/images/1enjQCeJQyXxfoilrbZZUwlbE.png]
[framerusercontent.com/images/gKmqoMk04BHXZnz0mk4lRjA1mHk.png]
[employee-bust-826565.framer.app/throwball.html]
[framerusercontent.com/images/XaTBpmhDMdAsapSHyuScuWsNm1U.jpg]
[framerusercontent.com/images/NhrtbUKTsvbDI5GsIgdPMfEpfh0.jpg]
[framerusercontent.com/images/9OXzzUquIjACtJtwkNsCWO665k.jpg]
[framerusercontent.com/images/shd3mHt7CEr9saN2dhBtTiYFmNI.jpg]
[framerusercontent.com/images/qLluo5VqbKiaFUdO3RcsHizl9g.png]
[framerusercontent.com/images/IjHVc3HIovOFJ1lSobkuQg9Km8.png]
[framerusercontent.com/images/gbFWLE3P21uPkJ2owHWOcxumNTA.png]
[framerusercontent.com/images/w9cG9KA1nKhdLTH8833GsJmUToY.png]
[framerusercontent.com/images/VBNnZYGDVW6qYvruoFAyyqNl1Q.png]
[framerusercontent.com/images/bbdjJgNw2lGNxYaPkRMAS3w3X4.png]
[employee-bust-826565.framer.app/index.html]
[employee-bust-826565.framer.app/cultural-events.html]
[employee-bust-826565.framer.app/Sports-events.html]
[employee-bust-826565.framer.app/dance.html]
[framerusercontent.com/images/LzKZfblyurrV87Yqkfn0Q0GIaA.jpg]
[employee-bust-826565.framer.app/music.html]
[framerusercontent.com/images/GBkVBac8Gtp0XrLwZMgswtYRU.jpg]
[framerusercontent.com/images/cY3jWDL93vwUVLiUI6qcH7vGALY.png]
[employee-bust-826565.framer.app/dramatics.html]
[framerusercontent.com/images/tVbE2sYhtn9ZvkqTRFEGpUPs.png]
[employee-bust-826565.framer.app/photography.html]
[framerusercontent.com/images/QrA10z5xror5RDgx02xz1JigouA.png]
[framerusercontent.com/images/iu9OWIcDL0DhpH48ZmnUh5BSzeY.jpg]
[framerusercontent.com/images/6CfkhhVgZl2tpfEgUeqePzKOChc.png]
[framerusercontent.com/images/HygzWJ6Os9jpbSfi0N5ISlsoo.png]
[employee-bust-826565.framer.app/indoors.html]
[framerusercontent.com/images/XrfYkzynWMCnpsxjGSKdkSVjS5k.jpg]
[employee-bust-826565.framer.app/cricket.html]
[framerusercontent.com/images/B7U2FDiW5u3Yz85KKYR6qCnh54.jpg]
[employee-bust-826565.framer.app/basketball.html]
[framerusercontent.com/images/uD9M25zuRw32UMJRhgY8kfOypA.jpg]
[employee-bust-826565.framer.app/volleyball.html]
[framerusercontent.com/images/K4XODIaW6k7WRVH3rBRSfnnXTn8.jpg]
[employee-bust-826565.framer.app/throwball.html]
